#-----------------------------------------------------------
# Vivado v2019.2 (64-bit)
# SW Build 2708876 on Wed Nov  6 21:40:23 MST 2019
# IP Build 2700528 on Thu Nov  7 00:09:20 MST 2019
# Start of session at: Mon Feb 24 17:12:16 2020
# Process ID: 37276
# Current directory: D:/Boards/KU040/CH26/fpga_prj/uisrc/03_ip/uihdmitx/project_1
# Command line: vivado.exe -gui_launcher_event rodinguilauncherevent13072 D:\Boards\KU040\CH26\fpga_prj\uisrc\03_ip\uihdmitx\project_1\project_1.xpr
# Log file: D:/Boards/KU040/CH26/fpga_prj/uisrc/03_ip/uihdmitx/project_1/vivado.log
# Journal file: D:/Boards/KU040/CH26/fpga_prj/uisrc/03_ip/uihdmitx/project_1\vivado.jou
#-----------------------------------------------------------
start_gui
open_project D:/Boards/KU040/CH26/fpga_prj/uisrc/03_ip/uihdmitx/project_1/project_1.xpr
update_compile_order -fileset sources_1
ipx::package_project -root_dir d:/boards/ku040/ch26/fpga_prj/uisrc/03_ip/uihdmitx -vendor xilinx.com -library user -taxonomy /UserIP -force
set_property core_revision 2 [ipx::current_core]
ipx::create_xgui_files [ipx::current_core]
ipx::update_checksums [ipx::current_core]
ipx::save_core [ipx::current_core]
update_ip_catalog -rebuild -repo_path d:/Boards/KU040/CH26/fpga_prj/uisrc/03_ip/uihdmitx
ipx::package_project -root_dir d:/boards/ku040/ch26/fpga_prj/uisrc/03_ip/uihdmitx -vendor xilinx.com -library user -taxonomy /UserIP -force
set_property core_revision 2 [ipx::current_core]
ipx::create_xgui_files [ipx::current_core]
ipx::update_checksums [ipx::current_core]
ipx::save_core [ipx::current_core]
update_ip_catalog -rebuild -repo_path d:/Boards/KU040/CH26/fpga_prj/uisrc/03_ip/uihdmitx
