#-----------------------------------------------------------
# Vivado v2019.2 (64-bit)
# SW Build 2708876 on Wed Nov  6 21:40:23 MST 2019
# IP Build 2700528 on Thu Nov  7 00:09:20 MST 2019
# Start of session at: Tue Feb 25 11:28:39 2020
# Process ID: 20324
# Current directory: D:/Boards/FEP/fpga_prj/uisrc/03_ip/uihdmitx/project_1
# Command line: vivado.exe -gui_launcher_event rodinguilauncherevent7688 D:\Boards\FEP\fpga_prj\uisrc\03_ip\uihdmitx\project_1\project_1.xpr
# Log file: D:/Boards/FEP/fpga_prj/uisrc/03_ip/uihdmitx/project_1/vivado.log
# Journal file: D:/Boards/FEP/fpga_prj/uisrc/03_ip/uihdmitx/project_1\vivado.jou
#-----------------------------------------------------------
start_gui
open_project D:/Boards/FEP/fpga_prj/uisrc/03_ip/uihdmitx/project_1/project_1.xpr
update_compile_order -fileset sources_1
ipx::open_ipxact_file {D:\..\boards\ku040\ch26\fpga_prj\uisrc\03_ip\uihdmitx\component.xml}
set_property value_validation_type list [ipx::get_user_parameters FAMILY -of_objects [ipx::current_core]]
set_property value_validation_list {UFAMILY 7FAMILY} [ipx::get_user_parameters FAMILY -of_objects [ipx::current_core]]
set_property core_revision 3 [ipx::current_core]
ipx::update_checksums [ipx::current_core]
ipx::save_core [ipx::current_core]
set_property  ip_repo_paths  {d:boards/ku040/ch26/fpga_prj/uisrc/03_ip/uihdmitx d:/Boards/FEP/fpga_prj/uisrc/03_ip/uihdmitx g:/v2020/s01/ch26/fpga_prj/uisrc/03_ip/uihdmitx} [current_project]
update_ip_catalog
set_property core_revision 4 [ipx::current_core]
ipx::update_checksums [ipx::current_core]
ipx::save_core [ipx::current_core]
set_property  ip_repo_paths  {d:boards/ku040/ch26/fpga_prj/uisrc/03_ip/uihdmitx d:/Boards/FEP/fpga_prj/uisrc/03_ip/uihdmitx/project_1/boards/ku040/ch26/fpga_prj/uisrc/03_ip/uihdmitx d:/Boards/FEP/fpga_prj/uisrc/03_ip/uihdmitx g:/v2020/s01/ch26/fpga_prj/uisrc/03_ip/uihdmitx} [current_project]
update_ip_catalog
set_property core_revision 5 [ipx::current_core]
ipx::update_checksums [ipx::current_core]
ipx::save_core [ipx::current_core]
set_property  ip_repo_paths  {d:boards/ku040/ch26/fpga_prj/uisrc/03_ip/uihdmitx d:/Boards/FEP/fpga_prj/uisrc/03_ip/uihdmitx/project_1/boards/ku040/ch26/fpga_prj/uisrc/03_ip/uihdmitx d:/Boards/FEP/fpga_prj/uisrc/03_ip/uihdmitx g:/v2020/s01/ch26/fpga_prj/uisrc/03_ip/uihdmitx} [current_project]
update_ip_catalog
ipx::package_project -root_dir D:/Boards/FEP/fpga_prj/uisrc/03_ip/uiadv7611cfg -vendor xilinx.com -library user -taxonomy /UserIP -import_files -set_current false -force
ipx::unload_core d:/Boards/FEP/fpga_prj/uisrc/03_ip/uiadv7611cfg/component.xml
ipx::edit_ip_in_project -upgrade true -name tmp_edit_project -directory D:/Boards/FEP/fpga_prj/uisrc/03_ip/uiadv7611cfg d:/Boards/FEP/fpga_prj/uisrc/03_ip/uiadv7611cfg/component.xml
current_project project_1
set_property widget {comboBox} [ipgui::get_guiparamspec -name "FAMILY" -component [ipx::current_core] ]
set_property widget {comboBox} [ipgui::get_guiparamspec -name "FAMILY" -component [ipx::current_core] ]
set_property widget {comboBox} [ipgui::get_guiparamspec -name "FAMILY" -component [ipx::current_core] ]
set_property widget {comboBox} [ipgui::get_guiparamspec -name "FAMILY" -component [ipx::current_core] ]
current_project tmp_edit_project
set_property widget {comboBox} [ipgui::get_guiparamspec -name "FAMILY" -component [ipx::current_core] ]
set_property value_validation_type list [ipx::get_user_parameters FAMILY -of_objects [ipx::current_core]]
set_property value_validation_list {UFAMILY 7FAMILY} [ipx::get_user_parameters FAMILY -of_objects [ipx::current_core]]
set_property core_revision 2 [ipx::current_core]
ipx::update_source_project_archive -component [ipx::current_core]
ipx::create_xgui_files [ipx::current_core]
ipx::update_checksums [ipx::current_core]
ipx::save_core [ipx::current_core]
ipx::move_temp_component_back -component [ipx::current_core]
close_project -delete
set_property  ip_repo_paths  {d:/Boards/FEP/fpga_prj/uisrc/03_ip/uiadv7611cfg d:/Boards/FEP/fpga_prj/uisrc/03_ip/uihdmitx/project_1/boards/ku040/ch26/fpga_prj/uisrc/03_ip/uihdmitx d:/Boards/FEP/fpga_prj/uisrc/03_ip/uihdmitx g:/v2020/s01/ch26/fpga_prj/uisrc/03_ip/uihdmitx} [current_project]
update_ip_catalog
ipx::package_project -root_dir D:/Boards/FEP/fpga_prj/uisrc/03_ip/uihdmitx -vendor xilinx.com -library user -taxonomy /UserIP -import_files -set_current false -force
ipx::unload_core d:/Boards/FEP/fpga_prj/uisrc/03_ip/uihdmitx/component.xml
ipx::edit_ip_in_project -upgrade true -name tmp_edit_project -directory D:/Boards/FEP/fpga_prj/uisrc/03_ip/uihdmitx d:/Boards/FEP/fpga_prj/uisrc/03_ip/uihdmitx/component.xml
current_project project_1
current_project tmp_edit_project
set_property widget {comboBox} [ipgui::get_guiparamspec -name "FAMILY" -component [ipx::current_core] ]
set_property value_validation_type list [ipx::get_user_parameters FAMILY -of_objects [ipx::current_core]]
set_property value_validation_list {UFAMILY 7FAMILY} [ipx::get_user_parameters FAMILY -of_objects [ipx::current_core]]
set_property core_revision 2 [ipx::current_core]
ipx::update_source_project_archive -component [ipx::current_core]
ipx::create_xgui_files [ipx::current_core]
ipx::update_checksums [ipx::current_core]
ipx::save_core [ipx::current_core]
ipx::move_temp_component_back -component [ipx::current_core]
close_project -delete
update_ip_catalog -rebuild -repo_path d:/Boards/FEP/fpga_prj/uisrc/03_ip/uihdmitx
