#-----------------------------------------------------------
# Vivado v2019.2 (64-bit)
# SW Build 2708876 on Wed Nov  6 21:40:23 MST 2019
# IP Build 2700528 on Thu Nov  7 00:09:20 MST 2019
# Start of session at: Fri Apr 24 13:26:59 2020
# Process ID: 3436
# Current directory: G:/V2020/S01/CH32/fpga_prj/uisrc/03_ip/uitpg/fpga_prj
# Command line: vivado.exe -gui_launcher_event rodinguilauncherevent22820 G:\V2020\S01\CH32\fpga_prj\uisrc\03_ip\uitpg\fpga_prj\fpga_prj.xpr
# Log file: G:/V2020/S01/CH32/fpga_prj/uisrc/03_ip/uitpg/fpga_prj/vivado.log
# Journal file: G:/V2020/S01/CH32/fpga_prj/uisrc/03_ip/uitpg/fpga_prj\vivado.jou
#-----------------------------------------------------------
start_gui
open_project G:/V2020/S01/CH32/fpga_prj/uisrc/03_ip/uitpg/fpga_prj/fpga_prj.xpr
update_compile_order -fileset sources_1
export_ip_user_files -of_objects  [get_files G:/V2020/v2020/s01/ch33/uisrc/03_ip/uitpg/component.xml] -no_script -reset -force -quiet
remove_files  G:/V2020/v2020/s01/ch33/uisrc/03_ip/uitpg/component.xml
ipx::package_project -root_dir g:/v2020/s01/ch32/fpga_prj/uisrc/03_ip/uitpg -vendor xilinx.com -library user -taxonomy /UserIP -force
set_property core_revision 2 [ipx::current_core]
ipx::create_xgui_files [ipx::current_core]
ipx::update_checksums [ipx::current_core]
ipx::save_core [ipx::current_core]
set_property  ip_repo_paths  {g:/v2020/s01/ch32/fpga_prj/uisrc/03_ip/uitpg g:/V2020/v2020/s01/ch33/uisrc/03_ip/uitpg} [current_project]
update_ip_catalog
